[www.katherineoelsner.com/index.html]
[backblue.gif]
[fade.gif]
[index.html]
[plausible.io/js/plausible.js]
[www.katherineoelsner.com/_next/static/css/363e82ddf538dd0849a7.css]
[www.katherineoelsner.com/_next/static/chunks/polyfills-a40ef1678bae11e696dba45124eadd70.js]
[www.katherineoelsner.com/_next/static/chunks/webpack-f1ed3615369f93810d68.js]
[www.katherineoelsner.com/_next/static/chunks/framework-9d7cae20fc5c4d04a6d1.js]
[www.katherineoelsner.com/_next/static/chunks/main-75772fcf59f94cd717f4.js]
[www.katherineoelsner.com/_next/static/chunks/pages/_app-c1e7640a14f0abe063e5.js]
[www.katherineoelsner.com/_next/static/chunks/a9a7754c-b894bb1861f15ce2ce09.js]
[www.katherineoelsner.com/_next/static/chunks/pages/index-43f2ec96fa350846854c.js]
[www.katherineoelsner.com/_next/static/6fe8an5FJW2lDw2zV0IuC/_buildManifest.js]
[www.katherineoelsner.com/_next/static/6fe8an5FJW2lDw2zV0IuC/_ssgManifest.js]
[www.katherineoelsner.com/katherine.jpg]
[www.katherineoelsner.com/index.html]
[www.katherineoelsner.com/_next/static/css/363e82ddf538dd0849a7.css]
[www.katherineoelsner.com/_next/static/chunks/643-097cc94d8ecd533f671e.js]
